<!DOCTYPE html PUBLIC "-//W3C//DTD HTML 4.01//EN" "http://www.w3.org/TR/html4/strict.dtd">
<html dir="ltr" lang="en">
  <head>
    <meta http-equiv="content-type" content="text/html; charset=UTF-8">
    <title>Notes: Imperative to Functional, Part 6</title>
    <meta content="caterpillar" name="author">
    <meta content="imperative functional python" name="keywords">
    <link href="css/std.css" rel="stylesheet" type="text/css">
  </head>
  <body>
    <div class="header">
      <div class="hgroup">
        <h3><a href="http://openhome.cc/eGossip/">From eGossip@Openhome</a></h3>
        <h1><a href="index.html">Notes: From Imperative to Functional, Part 6<br>
          </a></h1>
      </div>
    </div>
    <div class="article">
      <div align="right"><a href="http://www.javaworld.com.tw/roller/caterpillar/entry/%E5%91%BD%E4%BB%A4%E5%BC%8F%E8%87%B3%E5%87%BD%E6%95%B8%E5%BC%8F%E9%9A%A8%E8%A8%98_%E5%85%AD">中文</a><br>
      </div>
      <br>
      What you get from functional programming is not only functional code but also our thinking about problems. It refactors the design of the algorithm.<br>
      <br>
      The following program is used to permute a list:<br>
      <pre>def rotated(list, i, j):
    lt = list[i:j + 1]
    return list[0:i] + lt[-1:] + lt[0:-1] + list[j + 1:]
    
def perm(list, i, colt):
    if i &lt; len(list):
        for j in range(i, len(list)):
            perm(rotated(list, i, j), i + 1, colt)
    else:
        colt.append(list)

colt = []
perm([1, 2, 3, 4], 0, colt)
for list in colt:
    print(list)<br></pre>
      <br>
      Basically, function code doesn't use loops so let's change it to:<br>
      <pre>def rotated(list, i, j):
    lt = list[i:j + 1]
    return list[0:i] + lt[-1:] + lt[0:-1] + list[j + 1:]
    
def perm(list, i, colt):
    def doFor(j):
        if j &lt; len(list):
            perm(rotated(list, i, j), i + 1, colt)
            doFor(j + 1)
    if i &lt; len(list):
        doFor(i)
    else:
        colt.append(list)

colt = []
perm([1, 2, 3, 4], 0, colt)
for list in colt:
    print(list)<br></pre>
      <br>
      Here come some questions. First, the function <span class="courier">doFor</span> is named heedlessly because I cannot pick know a suitable name for it. It's used to replace the <span
        class="courier">for</span> loop. According to what it does, you may give it a name such as <span
        class="courier">rotateAndPermSub.</span> This implies that it does two things at the same time so it's difficult to return just one value. If you don't refactor <span
        class="courier">doFor</span>, <span class="courier">perm</span> will also be difficult to return just one value. You can only use <span
        class="courier">colt</span> to collect all permutations.<br>
      <br>
      The key point of functional programming is to decompose a problem into sub-problems. Just talked, <span
        class="courier">doFor</span> does two things at the same time. If you want to decompose a problem, <span
        class="courier">doFor</span> is an obvious target. <span class="courier">doFor</span> does two things: rotating a part of a list and permuting the tail of the new list. This process will continue until <span
        class="courier">i</span> reaches the list end. As you can see, <span
        class="courier">perm</span> calls <span class="courier">doFor</span> and <span
        class="courier">doFor</span> calls <span class="courier">perm</span> recursively. Two recursions make the algorithm too complicated.<br>
      <br>
      Let's think it again. <span class="courier">doFor</span> does two things: Rotating a part of a list and permuting the tail of the new list...rotating...permuting...rotating...permuting... Well, what if you get all list rotations and then permute all tails of rotated lists? So first, let's define an <span
        class="courier">allRotated</span> function:<br>
      <pre>def allRotated(list):
    def rotatedTo(i):
        return [list[i]] + list[0:i] + list[i + 1:]
    return [rotatedTo(i) for i in range(len(list))]<br></pre>
      <br>
      Give <span class="courier">allRotated</span> any list. It will be rotated from the head to the end. Once <span
        class="courier">allRotated</span> is defined, it's easy to define a <span
        class="courier">perm</span> function.<span class="courier"></span> It simply needs to call itself recursively.<br>
      <pre>def perm(list):
    if list == []:
        return [[]]
    else:
        lts = allRotated(list)
        return reduce(lambda a, b: a + b,  
            [[[lt[0]] + pl for pl in perm(lt[1:])] for lt in lts])<br></pre>
      <br>
      You can compare it with the original program. You will find it's not necessary to use <span
        class="courier"></span>an index <span class="courier">i</span> to point out where we are processing. We can simply permute the tail of a rotated list every time. Python's syntax, <span
        class="courier">lt[1:]</span>, is convenient here. The revision of the original code are:<br>
      <pre>from functools import reduce

def allRotated(list):
    def rotatedTo(i):
        return [list[i]] + list[0:i] + list[i + 1:]
    return [rotatedTo(i) for i in range(len(list))]
    
def perm(list):
    if list == []:
        return [[]]
    else:
        lts = allRotated(list)
        return reduce(lambda a, b: a + b,  
            [[[lt[0]] + pl for pl in perm(lt[1:])] for lt in lts])
    
for list in perm([1, 2, 3, 4]):
    print(list)<br></pre>
      <br>
      After you refactor code functionally, even if you get back to solve the problem imperatively, the logic is still clearer.<br>
      <pre>def allRotated(list):
    def rotatedTo(i):
        rotated = []
        rotated.append(list[i])
        rotated.extend(list[0:i])
        rotated.extend(list[i + 1:])
        return rotated

    all = []
    for i in range(len(list)):
        all.append(rotatedTo(i))
    return all

def perm(list):
    pls = []
    if list == []:
        pls.append([])
    else:
        for lt in allRotated(list):
            for tailPl in perm(lt[1:]):
                pl = []
                pl.append(lt[0])
                pl.extend(tailPl)
                pls.append(pl)
    return pls
    
for list in perm([1, 2, 3, 4]):
    print(list)<br></pre>
      <br>
      Compared with the imperative code of the original example, it's really much clearer. Although it's a bit boring to write imperative code in Python, it's very important for programming languages without functional features, such as Java. If you use Java to implement the beginning and last code, you'll find their readability and logic are very different.<br>
      <br>
      <p></p>
      <p></p>
      <ul>
      </ul>
    </div>
    <div class="aside">
      
       <br>
      <br>
      
       <br>
      <br>
      
       <br>
      <br>
      <br>
    </div>
      </body>
</html>
