<!DOCTYPE html PUBLIC "-//W3C//DTD HTML 4.01//EN" "http://www.w3.org/TR/html4/strict.dtd">
<html dir="ltr" lang="en">
  <head>
    <meta http-equiv="content-type" content="text/html; charset=UTF-8">
    <title>Notes: Imperative to Functional, Part 5</title>
    <meta content="caterpillar" name="author">
    <meta content="imperative functional python" name="keywords">
    <link href="css/std.css" rel="stylesheet" type="text/css">
  </head>
  <body>
    <div class="header">
      <div class="hgroup">
        <h3><a href="http://openhome.cc/eGossip/">From eGossip@Openhome</a></h3>
        <h1><a href="index.html">Notes: From Imperative to Functional, Part 5<br>
          </a></h1>
      </div>
    </div>
    <div class="article">
      <div align="right"><a href="http://www.javaworld.com.tw/roller/caterpillar/entry/%E5%91%BD%E4%BB%A4%E5%BC%8F%E8%87%B3%E5%87%BD%E6%95%B8%E5%BC%8F%E9%9A%A8%E8%A8%98_%E4%BA%94">中文</a><br>
      </div>
      <br>
      Let's look something easier! How to add 1 to each list element?<br>
      <pre>def addOne(list):
    result = []
    for ele in list:
        result.append(ele + 1)
    return result<br></pre>
      <br>
      What if it's written functionally?<br>
      <pre>def addOne(list):
    return [] if list == [] else [list[0] + 1] + addOne(list[1:])<br></pre>
      <br>
      What if you want all list elements multiplied by 3?<br>
      <pre>def multiplyThree(list):
    return [] if list == [] else [list[0] * 1] + multiplyThree(list[1:])<br></pre>
      <br>
      How can all list elements be 'xxx'? Why not simply write a general <span
        class="courier">map</span>:<br>
      <pre><strong>def map(func, list):
    return [] if list == [] else [func(list[0])] + map(func, list[1:])</strong><br></pre>
      <br>
      Then, if you want to add 1 to each list element, you can do as such:<br>
      <pre>map(lambda ele: ele + 1, list)<br></pre>
      <br>
      Multiplying all list elements by 3 is as follows:<br>
      <pre>map(lambda ele: ele * 3, list)<br></pre>
      <br>
      If you want to 'xxx' all list elements, just...<br>
      <pre>map(lambda ele: xxx(ele), list)<br></pre>
      <br>
      Similarly, How to filter out list elements greater than 3?<br>
      <pre>def greatThanThree(list):
    result = []
    for ele in list:
        if ele &gt; 3:
            result.append(ele)
    return result<br></pre>
      <br>
      Rewrite it functionally?<br>
      <pre>def greatThanThree(list):
    return [] if list == [] else \
        ([list[0]] + greatThanThree(list[1:]) if list[0] &gt; 3 else greatThanThree(list[1:]))<br></pre>
      <br>
      What if you want filter list elements less than 3? You will write something similar to the above structure, so just define a <span
        class="courier">filter</span> directly!<br>
      <pre><strong>def filter(func, list):
    return [] if list == [] else \
        ([list[0]] + filter(func, list[1:]) if func(list[0]) else filter(func, list[1:]))</strong><br></pre>
      <br>
      Then, to filter list elements less than 3 is as follows:<br>
      <pre>filter(lambda ele: ele &gt; 3, list)<br></pre>
      <br>
      Here you can see, <span class="courier">map</span> and <span class="courier">filter</span> are very common operations, just as <span
        class="courier">fold</span> mentioned in previous articles. Have you found that, however? The structure of <span
        class="courier">map</span> or <span class="courier">filter</span> is similar to <span
        class="courier">fold</span>? Actually, you can also implement <span
        class="courier">map</span> and <span class="courier">filter</span> with <span
        class="courier">fold</span>. For example, you can use Python's <span
        class="courier">reduce</span>, an implementation of <span class="courier">foldLeft</span>,&nbsp; to define a <span
        class="courier">map</span>:<br>
      <pre>def map(func, list):
    return reduce(lambda lt, elem: lt + [func(elem)], list, [])<br></pre>
      <br>
      You can also use <span class="courier">reduce</span> to implement <span
        class="courier">filter</span>:<br>
      <pre>def filter(func, list):
    return reduce(lambda lt, elem: lt + [elem] if func(elem) else lt, list, [])<br></pre>
      <br>
      Using <span class="courier">reduce</span> to add 1 to all list elements is ok but it'll be <span
        class="courier">reduce(lambda lt, elem: lt + [elem + 1], list, [])</span>. Directly <span
        class="courier">reduce</span> the entire list to filter list elements less than 3 is no problem, but you'll write <span
        class="courier">reduce(lambda lt, elem: lt + [elem] if elem&gt; else lt, list, [])</span>. At this time, it's better to write more clear code such as <span
        class="courier">map(lambda ele: ele + 1, list)</span> and <span
        class="courier">filter(lambda ele: ele&gt; 3, list)</span> respectively. Of course, <span
        class="courier">addOne(list)</span> and <span class="courier">greaterThanThree(list)</span> are more clear. That's the problem of readability. That's why we said that don't go too far while using general <span
        class="courier">reduce</span>, <span class="courier">map</span> and <span
        class="courier">filter</span>. If you want, you can write almost everything with <span
        class="courier">map</span>, <span class="courier">filter</span> and <span
        class="courier">reduce</span>. But if you can get readability with a little encapsulation, why not do it? Which is better to sum up <span
        class="courier">[1, 2, 3]</span>? Writing <span class="courier">sum([1, 2, 3])</span> with Python's built-in <span
        class="courier">sum</span> or <span class="courier">reduce(lambda s, e: s + e [1, 2, 3], 0)</span> or <span
        class="courier">reduce(int.__add__, [1, 2, 3], 0)</span>?<br>
      <br>
      In addition to <span class="courier">reduce</span>, there are also <span
        class="courier">map</span> and <span class="courier">filter</span> in Python's <span
        class="courier">functools</span>, but their return value are different from <span
        class="courier">map</span> and <span class="courier">reduce</span> defined above. Python's <span
        class="courier">map</span> and <span class="courier">filter</span> don't directly return a <span
        class="courier">list</span>, they return <span class="courier">map</span> and <span
        class="courier">filter</span> object respectively. Simply speaking, these two objects are generators. If you want to get a <span
        class="courier">list</span>, you can use list. For example, <span
        class="courier">list(map(int.__add__, [1, 2, 3]))</span> or <span
        class="courier">list(filter(lambda ele,: ele,&gt; 3, [1, 2, 3, 4, 5]))</span>.<br>
      <br>
      In fact, some languages have list comprehensions. It makes you to do <span
        class="courier">map</span> and <span class="courier">filter</span> in a relatively simple syntax. In Python, for example, you can add 1 to all <span>list</span> elements with <span
        class="courier">[ele + 1 for ele in list]</span>. To filter list elements greater than 3, you can use <span
        class="courier">[ele for ele, in list if ele &gt; 3]</span>. You guys familiar with Python should know this syntax.<br>
      <br>
      Basically, problems that can be solved by <span class="courier">map</span> and <span
        class="courier">filter</span> can be also cleared up with list comprehensions. But something done by list comprehensions would be achieved troublesomely by <span
        class="courier">map</span> and <span class="courier">filter</span>. For example, a nested list comprehension is such a situation:<br>
      <pre>[(i, j) for i in [1, 2, 3] for j in [4, 5, 6]]<br></pre>
      <br>
      This will produce <span class="courier">[(1, 4), (1, 5), (1, 6), (2, 4), (2, 5), (2, 6), (3, 4), (3, 5) , (3, 6)]</span>. If you implement it with Python's <span
        class="courier">reduce</span> and <span class="courier">map</span> defined above, you would have to write down:<br>
      <pre>reduce(list.__add__, map(lambda i: map(lambda j: (i, j),  [4, 5, 6]), [1, 2, 3]))<br></pre>
      <br>
      A list comprehension is not just a more clear syntax, however. In some languages, it will look more like a mathematical expression. For example, a comprehension for a set that contains the positive even integers from 1 to 100 is <span
        class="courier">{2 * x | x ∈ {1, 2..100}}</span>. If you use Haskell's list comprehension, it will be <span
        class="courier">[2 * x | x &lt;- [1, 2 .. 100]]</span>, looks really like the original mathematical definition.<br>
      <br>
      <br>
      <br>
      <br>
      <p></p>
      <p></p>
      <ul>
      </ul>
    </div>
    <div class="aside">
      
       <br>
      <br>
      
       <br>
      <br>
      
       <br>
      <br>
      <br>
    </div>
      </body>
</html>
