<!DOCTYPE html PUBLIC "-//W3C//DTD HTML 4.01//EN" "http://www.w3.org/TR/html4/strict.dtd">
<html dir="ltr" lang="en">
  <head>
    <meta content="text/html; charset=UTF-8" http-equiv="content-type">
    <title>Understanding Lambda/Closure, Part 1 - Learning from JavaScript</title>
    <meta content="caterpillar" name="author">
    <meta content="lambda closure javascript" name="keywords">
    <link href="css/std.css" rel="stylesheet" type="text/css">
  </head>
  <body>
    <div class="header">
      <div class="hgroup">
        <h3><a href="http://openhome.cc/eGossip/">From eGossip@Openhome</a></h3>
        <h1><a href="index.html">Understanding Lambda/Closure, Part 1 - Learning from JavaScript<br>
          </a></h1>
      </div>
    </div>
    <div class="article"><br>
      According to the <a href="http://en.wikipedia.org/wiki/Lambda">Lambda</a> page of <a
        href="http://en.wikipedia.org/wiki/Main_Page">Wikipedia</a>: <br>
      <br>
      <div style="margin-left: 40px;"><strong style="font-style: italic;">In programming languages such as Lisp, Python and Ruby lambda is an operator used to denote anonymous functions or closures. </strong></div>
      <br>
      JDK8 will support the lambda syntax. But, what's lambda? How to use it? Java has been lacking lambda/closure, so it's an unfamiliar thing to many Java programmers. In fact, lambda/closure has existed in many programming languages. Java developers unfamiliar with lambda/closure can learn from other languages featured with lambda/closure and understand its concept and usage. <br>
      <br>
      Take JavaScript, familiar to most developers, for example. We can define a function as follow: <br>
      <div class="courier" style="margin-left: 40px;"><span><strong>function doSome(param) ｛</strong></span><span><strong><br>
          </strong></span><span><strong>&nbsp;&nbsp;&nbsp; // </strong></span><span><strong>do something</strong></span><span><strong><br>
          </strong></span><span><strong>}</strong></span><strong><br>
        </strong></div>
      <br>
      In JavaScript, a function is actually an object. You can create a function object and assign it to a <span
        class="courier">doSome</span> variable as follow: <br>
      <div class="courier" style="margin-left: 40px;"><span>var doSome = </span><span><strong>function(param)｛</strong></span><span><strong><br>
          </strong></span><span><strong>&nbsp;&nbsp;&nbsp; // </strong></span><span><strong>do Something</strong></span><span><strong><br>
          </strong></span><span><strong>};</strong></span></div>
      <br>
      The bold part is a function literal in JavaScript. It'll create a <span
        class="courier">Function</span> instance. The created function object is not necessary assigned to a variable. In this condition, we usually say it's an anonymous function. <br>
      <div class="courier" style="margin-left: 40px;"><span><strong>function(param) {</strong></span><span><strong><br>
          </strong></span><span><strong>&nbsp;&nbsp;&nbsp; // </strong></span><span><strong>do something</strong></span><span><strong><br>
          </strong></span><span><strong>};</strong></span><strong><br>
        </strong></div>
      <br>
      If we ignore several details, the <span class="courier">Function</span> instance created by the above function literal is the same as <span
        class="courier">new Function('param', '// do something')</span>. It points out that a function itself is an object; that is, a value. If a function is an object, what it can do? It can be assigned to a variable: <br>
      <div class="courier" style="margin-left: 40px;"><span><strong>function foo(param) {</strong></span><span><strong></strong></span><span><br>
        </span><span><strong></strong></span><span><strong>&nbsp;&nbsp;&nbsp; document.write(param, '&lt;br&gt;');</strong></span><span><strong></strong></span><span><br>
        </span><span><strong></strong></span><span><strong>}</strong></span><span><strong></strong></span><span><br>
        </span><span><strong></strong></span><span><strong>var zzz = foo;</strong></span><span><strong></strong></span><span><br>
        </span><span><strong></strong></span><span><strong>zzz('demo');</strong></span><span><strong></strong></span><br>
        <strong></strong></div>
      <br>
      The above code is the same as (or precisely speaking, similar to) the following:<br>
      <div class="courier" style="margin-left: 40px;"><span>var foo = <strong>function(param) {</strong></span><strong><span><br>
          </span></strong><strong><span>&nbsp;&nbsp;&nbsp; document.write(param, '&lt;br&gt;');</span></strong><strong><span><br>
          </span></strong><strong><span>};</span></strong><span><br>
        </span><span>var zzz = foo;</span><span><br>
        </span><span>zzz('demo');</span><strong><br>
        </strong></div>
      <br>
      Now that it can be assigned to other variables, it can be used as an argument passed to functions:<br>
      <div class="courier" style="margin-left: 40px;"><span>function show(element) {</span><span><br>
        </span><span>&nbsp;&nbsp;&nbsp; document.write(element, '&lt;br&gt;');</span><span><br>
        </span><span>}</span><span><br>
        </span><span>[1, 2, 3, 4, 5].forEach(<strong>show</strong>);</span><strong><br>
        </strong></div>
      <br>
      The above code is the same as (or precisely speaking, similar to) the following: <br>
      <div class="courier" style="margin-left: 40px;"><span>var show = <strong>function(element) {</strong></span><strong><span><br>
          </span></strong><strong><span>&nbsp;&nbsp;&nbsp; document.write(element, '&lt;br&gt;');</span></strong><strong><span><br>
          </span></strong><strong><span>};</span></strong><span><br>
        </span><span>[1, 2, 3, 4, 5].forEach(<strong>show</strong>);</span></div>
      <br>
      Understanding the concept of a programming language can be done not only from the syntax but also from its culture and coding styles. For example, using Java conventions to iterate a JavaScript array may write code with the following style:<br>
      <div class="courier" style="margin-left: 40px;"><span><strong>var array = [1, 2, 3, 4, 5];</strong></span><span><strong><br>
          </strong></span><span><strong>for(var i = 0; i &lt; array.length; i++) {</strong></span><span><strong><br>
          </strong></span><span><strong>&nbsp;&nbsp;&nbsp; document.write(array[i] + '&lt;br&gt;');</strong></span><span><strong><br>
          </strong></span><span><strong>}</strong></span></div>
      <br>
      Using JavaScript conventions or styles may iterate an array as follow: <br>
      <div class="courier" style="margin-left: 40px;"><span><strong>[1, 2, 3, 4, 5].forEach(function(element) {</strong></span><span><strong><br>
          </strong></span><span><strong>&nbsp;&nbsp;&nbsp; document.write(element + '&lt;br&gt;');</strong></span><span><strong><br>
          </strong></span><span><strong>});</strong></span><strong><br>
        </strong></div>
      <br>
      Using syntax from the culture, conventions, and styles of a language makes you clearly understand the playground of syntax, such as lambda/closure.<br>
      <br>
      Since a function can be used as an argument passed to functions, it can be a callback function is its enclosing function. For example, if your browser or JavaScript client doesn't support the <span
        class="courier">forEach</span> function for an array, you can design one by yourself.<br>
      <div class="courier" style="margin-left: 40px;"><span><strong>Array.prototype.forEach = function(callback) {</strong></span><span><strong><br>
          </strong></span><span><strong>&nbsp;&nbsp;&nbsp; for(var i = 0; i &lt; this.length; i++) {</strong></span><span><strong><br>
          </strong></span><span><strong>&nbsp;&nbsp;&nbsp;&nbsp;&nbsp;&nbsp;&nbsp; callback(this[i]);</strong></span><span><strong><br>
          </strong></span><span><strong>&nbsp;&nbsp;&nbsp; }</strong></span><span><strong><br>
          </strong></span><span><strong>};</strong></span><span><strong><br>
          </strong></span><span><strong><br>
          </strong></span><span><strong>[1, 2, 3, 4, 5].forEach(function(element) {</strong></span><span><strong><br>
          </strong></span><span><strong>&nbsp;&nbsp;&nbsp; document.write(element + '&lt;br&gt;');</strong></span><span><strong><br>
          </strong></span><span><strong>});</strong></span><strong><br>
        </strong></div>
      <br>
      From all the above, we know if a function is an object, we can...<br>
      <ul>
        <li>Assign it to a variable if necessary.</li>
        <li>A function can be not only called passively but also passed to other functions to do something actively. </li>
        <li>Different strategies in a code template can be replaced by callback functions. </li>
      </ul>
      That is, when a function is an object, it can be not only used to simplify syntax, but also trigger out different designs. Open various possibilities about programming. <br>
      <br>
      From the above, we understand the concept about anonymous functions and function objects. As for why it is named "lambda", we'll explain in later articles. The next article will start from what a closure is.<br>
      <br>
      <p></p>
      <p></p>
      <ul>
      </ul>
    </div>
    <div class="aside">
      
       <br>
      <br>
      
       <br>
      <br>
      
       <br>
      <br>
      <br>
    </div>
      </body>
</html>
